五月 07, 2022 11:04:06 上午 io.github.yedaxia.apidocs.LogUtils info
信息: info: find java src paths:  [D:\project\look\src\main\java\]
五月 07, 2022 11:04:06 上午 io.github.yedaxia.apidocs.LogUtils info
信息: info: project type not set, try to figure out...
五月 07, 2022 11:04:06 上午 io.github.yedaxia.apidocs.LogUtils info
信息: info: start find controllers in path : D:\project\look\src\main\java\
五月 07, 2022 11:04:07 上午 io.github.yedaxia.apidocs.LogUtils info
信息: info: find controller file : AuthenticController.java
五月 07, 2022 11:04:07 上午 io.github.yedaxia.apidocs.LogUtils info
信息: info: find controller file : CourseController.java
五月 07, 2022 11:04:07 上午 io.github.yedaxia.apidocs.LogUtils info
信息: info: find controller file : ManageController.java
五月 07, 2022 11:04:07 上午 io.github.yedaxia.apidocs.LogUtils info
信息: info: find controller file : FilesController.java
五月 07, 2022 11:04:07 上午 io.github.yedaxia.apidocs.LogUtils info
信息: info: start to parse controller file : AuthenticController.java
五月 07, 2022 11:04:07 上午 io.github.yedaxia.apidocs.LogUtils info
信息: info: start to parse controller file : CourseController.java
五月 07, 2022 11:04:07 上午 io.github.yedaxia.apidocs.LogUtils info
信息: info: success to parse controller file : CourseController.java
五月 07, 2022 11:04:07 上午 io.github.yedaxia.apidocs.LogUtils info
信息: info: start to parse controller file : ManageController.java
五月 07, 2022 11:04:07 上午 io.github.yedaxia.apidocs.LogUtils info
信息: info: start to parse controller file : FilesController.java
五月 07, 2022 11:04:07 上午 io.github.yedaxia.apidocs.LogUtils info
信息: info: generate api docs start...
五月 07, 2022 11:04:07 上午 io.github.yedaxia.apidocs.LogUtils info
信息: info: start to generate docs for controller file : D:\project\look\src\main\java\com\look\interior\course\controller\CourseController.java
五月 07, 2022 11:04:08 上午 io.github.yedaxia.apidocs.LogUtils info
信息: info: success to generate docs for controller file : D:\project\look\src\main\java\com\look\interior\course\controller\CourseController.java
五月 07, 2022 11:04:08 上午 io.github.yedaxia.apidocs.LogUtils info
信息: info: generate index start !!!
五月 07, 2022 11:04:08 上午 io.github.yedaxia.apidocs.LogUtils info
信息: info: generate index done !!!
五月 07, 2022 11:04:08 上午 io.github.yedaxia.apidocs.LogUtils info
信息: info: generate api docs done !!!
